{
  "Version": "2012-10-17",
  "Statement": [
    {
      "Sid": "SecretsManagerGetSecretValue",
      "Effect": "Allow",
      "Action": [
        "secretsmanager:GetSecretValue"
      ],
      "Resource": [
        "arn:aws:secretsmanager:*:*:secret:prod/api",
        "arn:aws:secretsmanager:*:*:secret:prod/db"
      ]
    },
    {
      "Sid": "SSMGetParameter",
      "Effect": "Allow",
      "Action": [
        "ssm:GetParameter",
        "ssm:GetParameters"
      ],
      "Resource": [
        "arn:aws:ssm:*:*:parameter/prod/app/config"
      ]
    }
  ]
}
